// Jest Snapshot v1, https://goo.gl/fbAQLP

exports[`renders 404 matches snapshot 1`] = `
<div
  className="content four-oh-four-page"
>
  404
</div>
`;
