// Jest Snapshot v1, https://goo.gl/fbAQLP

exports[`renders SiteMap matches snapshot 1`] = `
<div
  className="content site-map-page"
>
  Sitemap
</div>
`;
