// Jest Snapshot v1, https://goo.gl/fbAQLP

exports[`renders BackButton matches snapshot 1`] = `
<div
  className="btn-container"
>
  <a
    href="/"
  >
    <span
      className="back-btn"
    >
      BACK
    </span>
  </a>
</div>
`;
